// Vitest Snapshot v1, https://vitest.dev/guide/snapshot.html

exports[`expected commitlint config 1`] = `
"{
  extends: [ '@commitlint/config-conventional' ],
  formatter: './node_modules/@commitlint/format/lib/index.js',
  parserPreset: {
    name: 'conventional-changelog-conventionalcommits',
    path: './node_modules/conventional-changelog-conventionalcommits/src/index.js',
    parserOpts: {
      headerPattern: /^(\\w*)(?:\\((.*)\\))?!?: (.*)$/,
      breakingHeaderPattern: /^(\\w*)(?:\\((.*)\\))?!: (.*)$/,
      headerCorrespondence: [ 'type', 'scope', 'subject' ],
      noteKeywords: [ 'BREAKING CHANGE', 'BREAKING-CHANGE' ],
      revertPattern: /^(?:Revert|revert:)\\s"?([\\s\\S]+?)"?\\s*This reverts commit (\\w*)\\./i,
      revertCorrespondence: [ 'header', 'hash' ],
      issuePrefixes: [ '#' ]
    }
  },
  ignores: undefined,
  defaultIgnores: undefined,
  plugins: {
    'function-rules': Module <[Object: null prototype] {}> [Module] {
      rules: {
        'function-rules/body-case': [AsyncFunction: functionRule],
        'function-rules/body-empty': [AsyncFunction: functionRule],
        'function-rules/body-full-stop': [AsyncFunction: functionRule],
        'function-rules/body-leading-blank': [AsyncFunction: functionRule],
        'function-rules/body-max-length': [AsyncFunction: functionRule],
        'function-rules/body-max-line-length': [AsyncFunction: functionRule],
        'function-rules/body-min-length': [AsyncFunction: functionRule],
        'function-rules/breaking-change-exclamation-mark': [AsyncFunction: functionRule],
        'function-rules/footer-empty': [AsyncFunction: functionRule],
        'function-rules/footer-leading-blank': [AsyncFunction: functionRule],
        'function-rules/footer-max-length': [AsyncFunction: functionRule],
        'function-rules/footer-max-line-length': [AsyncFunction: functionRule],
        'function-rules/footer-min-length': [AsyncFunction: functionRule],
        'function-rules/header-case': [AsyncFunction: functionRule],
        'function-rules/header-full-stop': [AsyncFunction: functionRule],
        'function-rules/header-max-length': [AsyncFunction: functionRule],
        'function-rules/header-min-length': [AsyncFunction: functionRule],
        'function-rules/header-trim': [AsyncFunction: functionRule],
        'function-rules/references-empty': [AsyncFunction: functionRule],
        'function-rules/scope-case': [AsyncFunction: functionRule],
        'function-rules/scope-delimiter-style': [AsyncFunction: functionRule],
        'function-rules/scope-empty': [AsyncFunction: functionRule],
        'function-rules/scope-enum': [AsyncFunction: functionRule],
        'function-rules/scope-max-length': [AsyncFunction: functionRule],
        'function-rules/scope-min-length': [AsyncFunction: functionRule],
        'function-rules/signed-off-by': [AsyncFunction: functionRule],
        'function-rules/subject-case': [AsyncFunction: functionRule],
        'function-rules/subject-empty': [AsyncFunction: functionRule],
        'function-rules/subject-exclamation-mark': [AsyncFunction: functionRule],
        'function-rules/subject-full-stop': [AsyncFunction: functionRule],
        'function-rules/subject-max-length': [AsyncFunction: functionRule],
        'function-rules/subject-min-length': [AsyncFunction: functionRule],
        'function-rules/trailer-exists': [AsyncFunction: functionRule],
        'function-rules/type-case': [AsyncFunction: functionRule],
        'function-rules/type-empty': [AsyncFunction: functionRule],
        'function-rules/type-enum': [AsyncFunction: functionRule],
        'function-rules/type-max-length': [AsyncFunction: functionRule],
        'function-rules/type-min-length': [AsyncFunction: functionRule]
      }
    },
    tense: { rules: { 'tense/subject-tense': [Function: subjectTense] } }
  },
  rules: {
    'body-leading-blank': [ 2, 'always' ],
    'body-max-line-length': [ 2, 'always', 100 ],
    'footer-leading-blank': [ 2, 'always' ],
    'footer-max-line-length': [ 2, 'always', 100 ],
    'header-max-length': [ 2, 'always', 100 ],
    'header-trim': [ 2, 'always' ],
    'subject-case': [
      2,
      'never',
      [ 'sentence-case', 'start-case', 'pascal-case', 'upper-case' ]
    ],
    'subject-empty': [ 2, 'never' ],
    'subject-full-stop': [ 2, 'never', '.' ],
    'type-case': [ 2, 'always', 'lower-case' ],
    'type-empty': [ 2, 'never' ],
    'type-enum': [
      2,
      'always',
      [
        'build',  'chore',
        'ci',     'docs',
        'feat',   'fix',
        'perf',   'refactor',
        'revert', 'style',
        'test'
      ]
    ],
    'body-case': [ 2, 'always', 'sentence-case' ],
    'breaking-change-exclamation-mark': [ 2, 'always' ],
    'header-case': [ 2, 'always', 'lower-case' ],
    'scope-case': [ 2, 'always', 'lower-case' ],
    'scope-delimiter-style': [ 2, 'always', [ '/' ] ],
    'scope-empty': [ 2, 'never' ],
    'scope-min-length': [ 2, 'always', 2 ],
    'subject-min-length': [ 2, 'always', 5 ],
    'tense/subject-tense': [
      2,
      'always',
      {
        allowedTenses: [ 'present-imperative' ],
        firstOnly: true,
        allowlist: [
          'called',           'console',
          'cover',            'covers',
          'decide',           'dismantle',
          'excludes',         'harden',
          'hoist',            'missing',
          'non-empty-string', 'promote',
          'spell',            'throw'
        ]
      }
    ]
  },
  helpUrl: 'https://github.com/brnshkr/config/blob/master/README.md#-commit-style',
  prompt: {
    questions: {
      type: {
        description: "Select the type of change that you're committing",
        enum: {
          feat: {
            description: 'A new feature',
            title: 'Features',
            emoji: '✨'
          },
          fix: { description: 'A bug fix', title: 'Bug Fixes', emoji: '🐛' },
          docs: {
            description: 'Documentation only changes',
            title: 'Documentation',
            emoji: '📚'
          },
          style: {
            description: 'Changes that do not affect the meaning of the code (white-space, formatting, missing semi-colons, etc)',
            title: 'Styles',
            emoji: '💎'
          },
          refactor: {
            description: 'A code change that neither fixes a bug nor adds a feature',
            title: 'Code Refactoring',
            emoji: '📦'
          },
          perf: {
            description: 'A code change that improves performance',
            title: 'Performance Improvements',
            emoji: '🚀'
          },
          test: {
            description: 'Adding missing tests or correcting existing tests',
            title: 'Tests',
            emoji: '🚨'
          },
          build: {
            description: 'Changes that affect the build system or external dependencies (example scopes: gulp, broccoli, npm)',
            title: 'Builds',
            emoji: '🛠'
          },
          ci: {
            description: 'Changes to our CI configuration files and scripts (example scopes: Travis, Circle, BrowserStack, SauceLabs)',
            title: 'Continuous Integrations',
            emoji: '⚙️'
          },
          chore: {
            description: "Other changes that don't modify src or test files",
            title: 'Chores',
            emoji: '♻️'
          },
          revert: {
            description: 'Reverts a previous commit',
            title: 'Reverts',
            emoji: '🗑'
          }
        }
      },
      scope: {
        description: 'What is the scope of this change (e.g. component or file name)'
      },
      subject: {
        description: 'Write a short, imperative tense description of the change'
      },
      body: { description: 'Provide a longer description of the change' },
      isBreaking: { description: 'Are there any breaking changes?' },
      breakingBody: {
        description: 'A BREAKING CHANGE commit requires a body. Please enter a longer description of the commit itself'
      },
      breaking: { description: 'Describe the breaking changes' },
      isIssueAffected: { description: 'Does this change affect any open issues?' },
      issuesBody: {
        description: 'If issues are closed, the commit requires a body. Please enter a longer description of the commit itself'
      },
      issues: {
        description: 'Add issue references (e.g. "fix #123", "re #123".)'
      }
    }
  }
}
"
`;
