// Vitest Snapshot v1, https://vitest.dev/guide/snapshot.html

exports[`expected markdownlint config 1`] = `
{
  "config": {
    "code-block-style": {
      "style": "fenced",
    },
    "code-fence-style": {
      "style": "backtick",
    },
    "default": true,
    "emphasis-style": {
      "style": "underscore",
    },
    "fenced-code-fence-length": false,
    "heading-sentence-case": {
      "allowed_words": [
        "Composer",
        "Doctrine",
        "ESLint",
        "Laravel",
        "Makefile",
        "PHPStan",
        "PHPUnit",
        "Pest",
        "Rector",
        "Stylelint",
        "Symfony",
        "Tempest",
        "Twig",
        "Xdebug",
      ],
    },
    "heading-style": {
      "style": "atx",
    },
    "hr-style": {
      "style": "---",
    },
    "line-length": {
      "code_blocks": false,
      "headings": false,
      "line_length": 120,
      "tables": false,
    },
    "list-item-marker-space": false,
    "no-duplicate-heading": {
      "siblings_only": true,
    },
    "no-empty-alt-text": true,
    "no-inline-html": {
      "allowed_elements": [
        "a",
        "br",
        "dd",
        "del",
        "details",
        "div",
        "dl",
        "dt",
        "h1",
        "img",
        "ins",
        "kbd",
        "p",
        "q",
        "rp",
        "rt",
        "ruby",
        "samp",
        "sub",
        "summary",
        "sup",
        "var",
      ],
    },
    "ol-prefix": {
      "style": "ordered",
    },
    "reference-link-section-placement": false,
    "relative-links": {
      "root_path": ".",
    },
    "search-replace": {
      "rules": [
        {
          "message": "Use an ellipsis rather than three dots.",
          "name": "ellipsis",
          "replace": "…",
          "searchPattern": "/\\.\\.\\./gu",
          "searchScope": "text",
        },
        {
          "message": "Use an em dash rather than two hyphens.",
          "name": "em-dash",
          "replace": "—",
          "searchPattern": "/(?<= )--(?= )/gu",
          "searchScope": "text",
        },
        {
          "message": "Link over \`https\`.",
          "name": "https",
          "replace": "https://",
          "searchPattern": "/http:\\/\\/(?!(?:www\\.)?w3\\.org\\/|localhost|127\\.0\\.0\\.1)/gu",
          "searchScope": "text",
        },
        {
          "message": "Use a regular space.",
          "name": "no-non-breaking-space",
          "replace": " ",
          "searchPattern": "/\\u00A0/gu",
          "searchScope": "all",
        },
        {
          "message": "Open work belongs in a backlog, not in a comment.",
          "name": "no-todo-comments",
          "searchPattern": "/\\b(?:TODO|FIXME|XXX|HACK)\\b/gu",
          "searchScope": "text",
        },
        {
          "message": "Remove the zero-width character.",
          "name": "no-zero-width-characters",
          "replace": "",
          "searchPattern": "/[\\u200B-\\u200D\\uFEFF]/gu",
          "searchScope": "all",
        },
        {
          "message": "Prefix a relative link with \`./\`.",
          "name": "relative-link-prefix",
          "replace": "](./",
          "searchPattern": "/\\]\\((?![.#/]|[a-z][a-z0-9+.-]*:)/gu",
          "searchScope": "text",
        },
        {
          "message": "Name an organization package by its scope.",
          "name": "scoped-package-names",
          "replace": "@brnshkr/",
          "searchPattern": "/(?<![\\w/@])brnshkr\\/(?=[a-z])/gu",
          "searchScope": "text",
        },
        {
          "message": "Use straight double quotes.",
          "name": "straight-double-quotes",
          "replace": """,
          "searchPattern": "/[“”]/gu",
          "searchScope": "text",
        },
        {
          "message": "Use straight single quotes.",
          "name": "straight-single-quotes",
          "replace": "'",
          "searchPattern": "/[‘’]/gu",
          "searchScope": "text",
        },
        {
          "message": "Spell a tool the way its own project spells it.",
          "name": "tool-names",
          "replace": [
            "JavaScript",
            "TypeScript",
            "GitHub",
            "GitLab",
            "ESLint",
            "Stylelint",
            "markdownlint",
            "commitlint",
            "PHPStan",
            "PHPStan",
            "PHPUnit",
            "PHPUnit",
            "VS Code",
            "VS Code",
            "Node.js",
          ],
          "search": [
            "Javascript",
            "Typescript",
            "Github",
            "Gitlab",
            "Eslint",
            "StyleLint",
            "Markdownlint",
            "Commitlint",
            "Phpstan",
            "PHPstan",
            "Phpunit",
            "PHPunit",
            "VSCode",
            "Vscode",
            "Nodejs",
          ],
          "searchScope": "text",
        },
      ],
    },
    "strong-style": {
      "style": "asterisk",
    },
    "table-column-style": {
      "style": "compact",
    },
    "table-format": {
      "style": "compact",
    },
    "table-pipe-style": {
      "style": "leading_and_trailing",
    },
    "ul-style": {
      "style": "dash",
    },
  },
  "customRules": [
    "<root>/node_modules/@github/markdownlint-github/index.js",
    "<root>/node_modules/markdownlint-rule-relative-links/src/index.js",
    "<root>/node_modules/markdownlint-rule-no-trailing-slash-in-links/src/no-trailing-slash-in-links.js",
    "<root>/node_modules/markdownlint-rule-search-replace/rule.js",
    "<root>/node_modules/@hongminhee/markdownlint-rules/dist/index.js",
    "<root>/node_modules/markdownlint-rule-table-format/rule.js",
  ],
  "gitignore": true,
  "ignores": [
    "**/.cache/**",
    "**/.changeset/**",
    "**/.git/objects/**",
    "**/.git/subtree-cache/**",
    "**/.hg/store/**",
    "**/.history/**",
    "**/.idea/**",
    "**/.next/**",
    "**/.nuxt/**",
    "**/.output/**",
    "**/.svelte-kit/**",
    "**/.temp/**",
    "**/.tmp/**",
    "**/.vercel/**",
    "**/.vite-inspect/**",
    "**/.vitepress/cache/**",
    "**/.yarn/**",
    "**/__snapshots__/**",
    "**/*.code-search",
    "**/*.example",
    "**/*.min.*",
    "**/bower_components/**",
    "**/bun.lock",
    "**/composer.lock",
    "**/coverage/**",
    "**/dist/**",
    "**/node_modules/**",
    "**/output/**",
    "**/package-lock.json",
    "**/pnpm-lock.yaml",
    "**/temp/**",
    "**/tmp/**",
    "**/vendor/**",
    "**/vite.config.*.timestamp-*",
    "**/yarn.lock",
    "**/tests/**/[Ff]ixture?(s)/**",
  ],
  "overrides": [
    {
      "combine": "merge",
      "config": {
        "first-line-heading": {
          "allow_preamble": true,
        },
      },
      "filter": [
        "**/.github/PULL_REQUEST_TEMPLATE.md",
        "**/.github/ISSUE_TEMPLATE/**",
        "**/profile/README.md",
        "**/AGENTS.md",
        "**/CLAUDE.md",
      ],
    },
    {
      "combine": "merge",
      "config": {
        "heading-sentence-case": false,
      },
      "filter": [
        "**/README.md",
      ],
    },
  ],
}
`;
