// Vitest Snapshot v1, https://vitest.dev/guide/snapshot.html

exports[`expected typescript config 1`] = `
"{
    "compilerOptions": {
        "lib": [
            "esnext",
            "dom"
        ],
        "moduleDetection": "force",
        "allowImportingTsExtensions": true,
        "module": "preserve",
        "moduleResolution": "bundler",
        "resolveJsonModule": true,
        "types": [
            "bun"
        ],
        "noEmit": true,
        "sourceMap": true,
        "skipLibCheck": true,
        "allowJs": true,
        "checkJs": true,
        "forceConsistentCasingInFileNames": true,
        "verbatimModuleSyntax": true,
        "allowUnreachableCode": false,
        "allowUnusedLabels": false,
        "noFallthroughCasesInSwitch": true,
        "noImplicitOverride": true,
        "noImplicitReturns": true,
        "noPropertyAccessFromIndexSignature": true,
        "noUncheckedIndexedAccess": true,
        "noUnusedLocals": true,
        "noUnusedParameters": true,
        "isolatedModules": true,
        "preserveConstEnums": true
    },
    "files": [
        "./conf/commitlint.config.mjs",
        "./conf/eslint.config.ts",
        "./conf/markdownlint.config.mjs",
        "./conf/markdownlint.config.ts",
        "./conf/stylelint.config.mjs",
        "./conf/stylelint.config.ts",
        "./conf/tsdown.config.ts",
        "./scripts/eslint.ts",
        "./scripts/markdownlint.ts",
        "./scripts/stylelint.ts",
        "./scripts/typegen.ts",
        "./scripts/utils/argv.ts",
        "./src/js/eslint/index.ts",
        "./src/js/eslint/configs/comments.ts",
        "./src/js/eslint/configs/css.ts",
        "./src/js/eslint/configs/gitignore.ts",
        "./src/js/eslint/configs/ignores.ts",
        "./src/js/eslint/configs/import.ts",
        "./src/js/eslint/configs/index.ts",
        "./src/js/eslint/configs/javascript.ts",
        "./src/js/eslint/configs/jsdoc.ts",
        "./src/js/eslint/configs/json.ts",
        "./src/js/eslint/configs/markdown.ts",
        "./src/js/eslint/configs/node.ts",
        "./src/js/eslint/configs/overrides.ts",
        "./src/js/eslint/configs/perfectionist.ts",
        "./src/js/eslint/configs/regexp.ts",
        "./src/js/eslint/configs/style.ts",
        "./src/js/eslint/configs/svelte.ts",
        "./src/js/eslint/configs/test.ts",
        "./src/js/eslint/configs/toml.ts",
        "./src/js/eslint/configs/typescript.ts",
        "./src/js/eslint/configs/unicorn.ts",
        "./src/js/eslint/configs/yaml.ts",
        "./src/js/eslint/configs/builtin/api-or-internal-tag.ts",
        "./src/js/eslint/configs/builtin/boolish-prefix.ts",
        "./src/js/eslint/configs/builtin/index.ts",
        "./src/js/eslint/configs/builtin/interface-suffix.ts",
        "./src/js/eslint/configs/builtin/internal-usage.ts",
        "./src/js/eslint/configs/builtin/public-api-documentation.ts",
        "./src/js/eslint/configs/builtin/require-import-alias.ts",
        "./src/js/eslint/configs/builtin/require-import-attributes.ts",
        "./src/js/eslint/configs/builtin/resolvable-doc-reference.ts",
        "./src/js/eslint/types/config.ts",
        "./src/js/eslint/types/options.ts",
        "./src/js/eslint/types/scopes.ts",
        "./src/js/eslint/types/declarations/typegen.d.ts",
        "./src/js/eslint/utils/ast.ts",
        "./src/js/eslint/utils/boolish-classification.ts",
        "./src/js/eslint/utils/boolish-prefixes.ts",
        "./src/js/eslint/utils/config.ts",
        "./src/js/eslint/utils/exports.ts",
        "./src/js/eslint/utils/globs.ts",
        "./src/js/eslint/utils/jsdoc.ts",
        "./src/js/eslint/utils/module.ts",
        "./src/js/eslint/utils/package-exports.ts",
        "./src/js/eslint/utils/public-api.ts",
        "./src/js/eslint/utils/tsconfig.ts",
        "./src/js/markdownlint/index.ts",
        "./src/js/markdownlint/configs/github.ts",
        "./src/js/markdownlint/configs/ignores.ts",
        "./src/js/markdownlint/configs/index.ts",
        "./src/js/markdownlint/configs/links.ts",
        "./src/js/markdownlint/configs/markdown.ts",
        "./src/js/markdownlint/configs/search.ts",
        "./src/js/markdownlint/configs/style.ts",
        "./src/js/markdownlint/configs/tables.ts",
        "./src/js/markdownlint/types/config.ts",
        "./src/js/markdownlint/types/options.ts",
        "./src/js/markdownlint/types/rules.ts",
        "./src/js/markdownlint/types/declarations/typegen.d.ts",
        "./src/js/markdownlint/utils/config.ts",
        "./src/js/markdownlint/utils/constants.ts",
        "./src/js/markdownlint/utils/module.ts",
        "./src/js/shared/types/core.ts",
        "./src/js/shared/types/declarations/reset.d.ts",
        "./src/js/shared/utils/constants.ts",
        "./src/js/shared/utils/filesystem.ts",
        "./src/js/shared/utils/globs.ts",
        "./src/js/shared/utils/interop-import.ts",
        "./src/js/shared/utils/log.ts",
        "./src/js/shared/utils/module.ts",
        "./src/js/shared/utils/object.ts",
        "./src/js/shared/utils/package-json.ts",
        "./src/js/shared/utils/package-resolvers.ts",
        "./src/js/shared/utils/string.ts",
        "./src/js/stylelint/index.ts",
        "./src/js/stylelint/configs/baseline.ts",
        "./src/js/stylelint/configs/css.ts",
        "./src/js/stylelint/configs/defensive.ts",
        "./src/js/stylelint/configs/html.ts",
        "./src/js/stylelint/configs/ignores.ts",
        "./src/js/stylelint/configs/index.ts",
        "./src/js/stylelint/configs/logical.ts",
        "./src/js/stylelint/configs/modules.ts",
        "./src/js/stylelint/configs/nesting.ts",
        "./src/js/stylelint/configs/order.ts",
        "./src/js/stylelint/configs/scss.ts",
        "./src/js/stylelint/configs/strict.ts",
        "./src/js/stylelint/configs/style.ts",
        "./src/js/stylelint/types/config.ts",
        "./src/js/stylelint/types/options.ts",
        "./src/js/stylelint/types/overrides.ts",
        "./src/js/stylelint/types/declarations/stylelint-scss.d.ts",
        "./src/js/stylelint/utils/config.ts",
        "./src/js/stylelint/utils/module.ts",
        "./tests/js/commitlint.test.ts",
        "./tests/js/eslint.test.ts",
        "./tests/js/markdownlint.test.ts",
        "./tests/js/php-regexes.test.ts",
        "./tests/js/spelling.test.ts",
        "./tests/js/stylelint.test.ts",
        "./tests/js/typescript.test.ts",
        "./tests/js/eslint-rules/api-or-internal-tag.test.ts",
        "./tests/js/eslint-rules/boolish-prefix.test.ts",
        "./tests/js/eslint-rules/interface-suffix.test.ts",
        "./tests/js/eslint-rules/internal-usage.test.ts",
        "./tests/js/eslint-rules/public-api-cache.test.ts",
        "./tests/js/eslint-rules/public-api-documentation.test.ts",
        "./tests/js/eslint-rules/require-import-alias.test.ts",
        "./tests/js/eslint-rules/require-import-attributes.test.ts",
        "./tests/js/eslint-rules/resolvable-doc-reference.test.ts",
        "./tests/js/fixtures/eslint/1.js",
        "./tests/js/fixtures/eslint/10.jsx",
        "./tests/js/fixtures/eslint/11.tsx",
        "./tests/js/fixtures/eslint/13.svelte.js",
        "./tests/js/fixtures/eslint/14.svelte.ts",
        "./tests/js/fixtures/eslint/2.mjs",
        "./tests/js/fixtures/eslint/23.test.js",
        "./tests/js/fixtures/eslint/24.test.mjs",
        "./tests/js/fixtures/eslint/25.test.cjs",
        "./tests/js/fixtures/eslint/26.test.ts",
        "./tests/js/fixtures/eslint/27.test.mts",
        "./tests/js/fixtures/eslint/28.test.cts",
        "./tests/js/fixtures/eslint/3.cjs",
        "./tests/js/fixtures/eslint/4.ts",
        "./tests/js/fixtures/eslint/5.mts",
        "./tests/js/fixtures/eslint/6.cts",
        "./tests/js/fixtures/eslint/7.d.ts",
        "./tests/js/fixtures/eslint/8.d.mts",
        "./tests/js/fixtures/eslint/9.d.cts",
        "./tests/js/fixtures/eslint-rules/src/index.ts",
        "./tests/js/fixtures/internal-usage/plain/src/internal/tokens.ts",
        "./tests/js/fixtures/internal-usage/src/entry/api-file.ts",
        "./tests/js/fixtures/internal-usage/src/entry/internal-file.ts",
        "./tests/js/fixtures/internal-usage/src/internal/aliased.ts",
        "./tests/js/fixtures/internal-usage/src/internal/barrel.ts",
        "./tests/js/fixtures/internal-usage/src/internal/described.ts",
        "./tests/js/fixtures/internal-usage/src/internal/file-level.ts",
        "./tests/js/fixtures/internal-usage/src/internal/hasher.ts",
        "./tests/js/fixtures/internal-usage/src/internal/scoped.ts",
        "./tests/js/fixtures/internal-usage/src/internal/slashed.ts",
        "./tests/js/fixtures/internal-usage/src/internal/vendor.ts",
        "./tests/js/fixtures/internal-usage/src/public/open.ts",
        "./tests/js/fixtures/php/regexes.ts",
        "./tests/js/utils/command.ts",
        "./tests/js/utils/config-snapshot.ts",
        "./tests/js/utils/filesystem.ts",
        "./tests/js/utils/json-diff.ts",
        "./tests/js/utils/php-rule.ts",
        "./tests/js/utils/rule-tester.ts"
    ],
    "exclude": [
        "./**/.cache/**",
        "./**/.changeset/**",
        "./**/.git/objects/**",
        "./**/.git/subtree-cache/**",
        "./**/.hg/store/**",
        "./**/.history/**",
        "./**/.idea/**",
        "./**/.next/**",
        "./**/.nuxt/**",
        "./**/.output/**",
        "./**/.svelte-kit/**",
        "./**/.temp/**",
        "./**/.tmp/**",
        "./**/.vercel/**",
        "./**/.vite-inspect/**",
        "./**/.vitepress/cache/**",
        "./**/.vscode/**",
        "./**/.yarn/**",
        "./**/__snapshots__/**",
        "./**/bower_components/**",
        "./**/coverage/**",
        "./**/dist/**",
        "./**/node_modules/**",
        "./**/output/**",
        "./**/temp/**",
        "./**/tmp/**",
        "./**/vendor/**"
    ]
}
"
`;
