// Vitest Snapshot v1, https://vitest.dev/guide/snapshot.html

exports[`expected typescript config 1`] = `
"{
    "compilerOptions": {
        "lib": [
            "esnext",
            "dom"
        ],
        "moduleDetection": "force",
        "allowImportingTsExtensions": true,
        "module": "preserve",
        "moduleResolution": "bundler",
        "resolveJsonModule": true,
        "types": [
            "bun"
        ],
        "noEmit": true,
        "sourceMap": true,
        "skipLibCheck": true,
        "allowJs": true,
        "checkJs": true,
        "forceConsistentCasingInFileNames": true,
        "verbatimModuleSyntax": true,
        "allowUnreachableCode": false,
        "allowUnusedLabels": false,
        "noFallthroughCasesInSwitch": true,
        "noImplicitOverride": true,
        "noImplicitReturns": true,
        "noPropertyAccessFromIndexSignature": true,
        "noUncheckedIndexedAccess": true,
        "noUnusedLocals": true,
        "noUnusedParameters": true,
        "isolatedModules": true,
        "preserveConstEnums": true
    },
    "files": [
        "./commitlint.dist.mjs",
        "./commitlint.mjs",
        "./commitlint.ts",
        "./eslint.dist.mjs",
        "./eslint.ts",
        "./markdownlint.dist.mjs",
        "./markdownlint.mjs",
        "./markdownlint.ts",
        "./stylelint.dist.mjs",
        "./stylelint.mjs",
        "./stylelint.ts",
        "./tsdown.ts",
        "./vitest.dist.mjs",
        "./vitest.ts"
    ],
    "exclude": [
        "./conf/**/.cache/**",
        "./conf/**/.changeset/**",
        "./conf/**/.git/objects/**",
        "./conf/**/.git/subtree-cache/**",
        "./conf/**/.hg/store/**",
        "./conf/**/.history/**",
        "./conf/**/.idea/**",
        "./conf/**/.next/**",
        "./conf/**/.nuxt/**",
        "./conf/**/.output/**",
        "./conf/**/.svelte-kit/**",
        "./conf/**/.temp/**",
        "./conf/**/.tmp/**",
        "./conf/**/.vercel/**",
        "./conf/**/.vite-inspect/**",
        "./conf/**/.vitepress/cache/**",
        "./conf/**/.vitest/**",
        "./conf/**/.vscode/**",
        "./conf/**/.yarn/**",
        "./conf/**/__generated__/**",
        "./conf/**/__snapshots__/**",
        "./conf/**/bower_components/**",
        "./conf/**/coverage/**",
        "./conf/**/dist/**",
        "./conf/**/node_modules/**",
        "./conf/**/output/**",
        "./conf/**/temp/**",
        "./conf/**/tests/**/Fixtures/**",
        "./conf/**/tests/**/fixtures/**",
        "./conf/**/tmp/**",
        "./conf/**/vendor/**"
    ]
}
"
`;
