// Vitest Snapshot v1, https://vitest.dev/guide/snapshot.html

exports[`expected typescript config 1`] = `
"{
    "compilerOptions": {
        "lib": [
            "esnext",
            "dom",
            "dom.iterable"
        ],
        "moduleDetection": "force",
        "target": "esnext",
        "allowImportingTsExtensions": true,
        "module": "esnext",
        "moduleResolution": "bundler",
        "noUncheckedSideEffectImports": true,
        "resolveJsonModule": true,
        "noEmit": true,
        "sourceMap": true,
        "skipLibCheck": true,
        "allowJs": true,
        "checkJs": true,
        "esModuleInterop": true,
        "forceConsistentCasingInFileNames": true,
        "verbatimModuleSyntax": true,
        "allowUnreachableCode": false,
        "allowUnusedLabels": false,
        "noFallthroughCasesInSwitch": true,
        "noImplicitOverride": true,
        "noImplicitReturns": true,
        "noPropertyAccessFromIndexSignature": true,
        "noUncheckedIndexedAccess": true,
        "noUnusedLocals": true,
        "noUnusedParameters": true,
        "strict": true,
        "isolatedModules": true,
        "allowSyntheticDefaultImports": true,
        "resolvePackageJsonExports": true,
        "resolvePackageJsonImports": true,
        "preserveConstEnums": true,
        "useDefineForClassFields": true,
        "noImplicitAny": true,
        "noImplicitThis": true,
        "strictNullChecks": true,
        "strictFunctionTypes": true,
        "strictBindCallApply": true,
        "strictPropertyInitialization": true,
        "strictBuiltinIteratorReturn": true,
        "alwaysStrict": true,
        "useUnknownInCatchVariables": true
    },
    "files": [
        "./conf/commitlint.config.mjs",
        "./conf/eslint.config.ts",
        "./conf/stylelint.config.mjs",
        "./conf/stylelint.config.ts",
        "./conf/tsdown.config.ts",
        "./scripts/eslint.ts",
        "./scripts/stylelint.ts",
        "./scripts/typegen.ts",
        "./src/js/eslint/index.ts",
        "./src/js/eslint/configs/builtin.ts",
        "./src/js/eslint/configs/comments.ts",
        "./src/js/eslint/configs/css.ts",
        "./src/js/eslint/configs/gitignore.ts",
        "./src/js/eslint/configs/ignores.ts",
        "./src/js/eslint/configs/import.ts",
        "./src/js/eslint/configs/index.ts",
        "./src/js/eslint/configs/javascript.ts",
        "./src/js/eslint/configs/jsdoc.ts",
        "./src/js/eslint/configs/json.ts",
        "./src/js/eslint/configs/markdown.ts",
        "./src/js/eslint/configs/node.ts",
        "./src/js/eslint/configs/overrides.ts",
        "./src/js/eslint/configs/perfectionist.ts",
        "./src/js/eslint/configs/regexp.ts",
        "./src/js/eslint/configs/style.ts",
        "./src/js/eslint/configs/svelte.ts",
        "./src/js/eslint/configs/test.ts",
        "./src/js/eslint/configs/toml.ts",
        "./src/js/eslint/configs/typescript.ts",
        "./src/js/eslint/configs/unicorn.ts",
        "./src/js/eslint/configs/yaml.ts",
        "./src/js/eslint/types/config.ts",
        "./src/js/eslint/types/options.ts",
        "./src/js/eslint/types/scopes.ts",
        "./src/js/eslint/types/declarations/typegen.d.ts",
        "./src/js/eslint/utils/config.ts",
        "./src/js/eslint/utils/globs.ts",
        "./src/js/eslint/utils/module.ts",
        "./src/js/shared/types/core.ts",
        "./src/js/shared/types/declarations/reset.d.ts",
        "./src/js/shared/utils/constants.ts",
        "./src/js/shared/utils/globs.ts",
        "./src/js/shared/utils/interop-import.ts",
        "./src/js/shared/utils/log.ts",
        "./src/js/shared/utils/module.ts",
        "./src/js/shared/utils/object.ts",
        "./src/js/shared/utils/package-json.ts",
        "./src/js/shared/utils/string.ts",
        "./src/js/stylelint/index.ts",
        "./src/js/stylelint/configs/baseline.ts",
        "./src/js/stylelint/configs/css.ts",
        "./src/js/stylelint/configs/defensive.ts",
        "./src/js/stylelint/configs/html.ts",
        "./src/js/stylelint/configs/ignores.ts",
        "./src/js/stylelint/configs/index.ts",
        "./src/js/stylelint/configs/logical.ts",
        "./src/js/stylelint/configs/modules.ts",
        "./src/js/stylelint/configs/nesting.ts",
        "./src/js/stylelint/configs/order.ts",
        "./src/js/stylelint/configs/scss.ts",
        "./src/js/stylelint/configs/strict.ts",
        "./src/js/stylelint/configs/style.ts",
        "./src/js/stylelint/types/config.ts",
        "./src/js/stylelint/types/options.ts",
        "./src/js/stylelint/types/overrides.ts",
        "./src/js/stylelint/types/declarations/stylelint-scss.d.ts",
        "./src/js/stylelint/utils/config.ts",
        "./src/js/stylelint/utils/module.ts",
        "./tests/js/commitlint.test.ts",
        "./tests/js/eslint.test.ts",
        "./tests/js/stylelint.test.ts",
        "./tests/js/typescript.test.ts",
        "./tests/js/fixtures/eslint/1.js",
        "./tests/js/fixtures/eslint/10.jsx",
        "./tests/js/fixtures/eslint/11.tsx",
        "./tests/js/fixtures/eslint/13.svelte.js",
        "./tests/js/fixtures/eslint/14.svelte.ts",
        "./tests/js/fixtures/eslint/2.mjs",
        "./tests/js/fixtures/eslint/23.test.js",
        "./tests/js/fixtures/eslint/24.test.mjs",
        "./tests/js/fixtures/eslint/25.test.cjs",
        "./tests/js/fixtures/eslint/26.test.ts",
        "./tests/js/fixtures/eslint/27.test.mts",
        "./tests/js/fixtures/eslint/28.test.cts",
        "./tests/js/fixtures/eslint/3.cjs",
        "./tests/js/fixtures/eslint/4.ts",
        "./tests/js/fixtures/eslint/5.mts",
        "./tests/js/fixtures/eslint/6.cts",
        "./tests/js/fixtures/eslint/7.d.ts",
        "./tests/js/fixtures/eslint/8.d.mts",
        "./tests/js/fixtures/eslint/9.d.cts",
        "./tests/js/utils/filesystem.ts"
    ],
    "exclude": [
        "conf/../**/.cache/**",
        "conf/../**/.changeset/**",
        "conf/../**/.git/objects/**",
        "conf/../**/.git/subtree-cache/**",
        "conf/../**/.hg/store/**",
        "conf/../**/.history/**",
        "conf/../**/.idea/**",
        "conf/../**/.next/**",
        "conf/../**/.nuxt/**",
        "conf/../**/.output/**",
        "conf/../**/.svelte-kit/**",
        "conf/../**/.temp/**",
        "conf/../**/.tmp/**",
        "conf/../**/.vercel/**",
        "conf/../**/.vite-inspect/**",
        "conf/../**/.vitepress/cache/**",
        "conf/../**/.vscode/**",
        "conf/../**/.yarn/**",
        "conf/../**/__snapshots__/**",
        "conf/../**/bower_components/**",
        "conf/../**/coverage/**",
        "conf/../**/dist/**",
        "conf/../**/node_modules/**",
        "conf/../**/output/**",
        "conf/../**/temp/**",
        "conf/../**/tmp/**",
        "conf/../**/vendor/**"
    ]
}
"
`;
