// Vitest Snapshot v1, https://vitest.dev/guide/snapshot.html

exports[`expected vitest config 1`] = `
{
  "resolve": {
    "tsconfigPaths": true,
  },
  "test": {
    "exclude": [
      "**/.cache/**",
      "**/.changeset/**",
      "**/.git/objects/**",
      "**/.git/subtree-cache/**",
      "**/.hg/store/**",
      "**/.history/**",
      "**/.idea/**",
      "**/.local/**",
      "**/.next/**",
      "**/.nuxt/**",
      "**/.output/**",
      "**/.svelte-kit/**",
      "**/.temp/**",
      "**/.tmp/**",
      "**/.vercel/**",
      "**/.vite-inspect/**",
      "**/.vitepress/cache/**",
      "**/.vitest/**",
      "**/.yarn/**",
      "**/__generated__/**",
      "**/__snapshots__/**",
      "**/*.code-search",
      "**/*.example",
      "**/*.min.*",
      "**/bower_components/**",
      "**/bun.lock",
      "**/composer.lock",
      "**/coverage/**",
      "dist/**",
      "**/node_modules/!(@brnshkr)/**",
      "**/output/**",
      "**/package-lock.json",
      "**/pnpm-lock.yaml",
      "**/temp/**",
      "**/tests/**/[Ff]ixture?(s)/**",
      "**/tmp/**",
      "**/vendor/**",
      "**/vite.config.*.timestamp-*",
      "**/yarn.lock",
    ],
    "include": [
      "**/__tests__/**/*.?(c|m)[jt]s?(x)",
      "**/*.spec.?(c|m)[jt]s?(x)",
      "**/*.test.?(c|m)[jt]s?(x)",
      "**/node_modules/@brnshkr/config/dist/spelling/spelling.test.mjs",
    ],
    "open": false,
  },
}
`;
